/Users/gmr/development/SimpleAnnotationServer/src/main/java/uk/org/llgc/annotation/store/data/Manifest.java
/Users/gmr/development/SimpleAnnotationServer/src/main/java/uk/org/llgc/annotation/store/AnnotationUtils.java
/Users/gmr/development/SimpleAnnotationServer/src/main/java/uk/org/llgc/annotation/store/ListAnnotations.java
/Users/gmr/development/SimpleAnnotationServer/src/main/java/uk/org/llgc/annotation/store/IIIFSearchAPI.java
/Users/gmr/development/SimpleAnnotationServer/src/main/java/uk/org/llgc/annotation/store/adapters/SolrStore.java
/Users/gmr/development/SimpleAnnotationServer/src/main/java/uk/org/llgc/annotation/store/adapters/JenaStore.java
/Users/gmr/development/SimpleAnnotationServer/src/main/java/uk/org/llgc/annotation/store/encoders/Encoder.java
/Users/gmr/development/SimpleAnnotationServer/src/main/java/uk/org/llgc/annotation/store/adapters/StoreAdapter.java
/Users/gmr/development/SimpleAnnotationServer/src/main/java/uk/org/llgc/annotation/store/filters/CorsFilter.java
/Users/gmr/development/SimpleAnnotationServer/src/main/java/uk/org/llgc/annotation/store/encoders/BookOfPeaceEncoder.java
/Users/gmr/development/SimpleAnnotationServer/src/main/java/uk/org/llgc/annotation/store/stats/ManifestStats.java
/Users/gmr/development/SimpleAnnotationServer/src/main/java/uk/org/llgc/annotation/store/Populate.java
/Users/gmr/development/SimpleAnnotationServer/src/main/java/uk/org/llgc/annotation/store/exceptions/MalformedAnnotation.java
/Users/gmr/development/SimpleAnnotationServer/src/main/java/uk/org/llgc/annotation/store/ListAnnoPages.java
/Users/gmr/development/SimpleAnnotationServer/src/main/java/uk/org/llgc/annotation/store/exceptions/IDConflictException.java
/Users/gmr/development/SimpleAnnotationServer/src/main/java/uk/org/llgc/annotation/store/Update.java
/Users/gmr/development/SimpleAnnotationServer/src/main/java/uk/org/llgc/annotation/store/encoders/Mirador214.java
/Users/gmr/development/SimpleAnnotationServer/src/main/java/uk/org/llgc/annotation/store/data/SearchQuery.java
/Users/gmr/development/SimpleAnnotationServer/src/main/java/uk/org/llgc/annotation/store/adapters/AbstractStoreAdapter.java
/Users/gmr/development/SimpleAnnotationServer/src/main/java/uk/org/llgc/annotation/store/data/DateRange.java
/Users/gmr/development/SimpleAnnotationServer/src/main/java/uk/org/llgc/annotation/store/adapters/SesameStore.java
/Users/gmr/development/SimpleAnnotationServer/src/main/java/uk/org/llgc/annotation/store/data/Annotation.java
/Users/gmr/development/SimpleAnnotationServer/src/main/java/uk/org/llgc/annotation/store/ManifestUpload.java
/Users/gmr/development/SimpleAnnotationServer/src/main/java/uk/org/llgc/annotation/store/StoreConfig.java
/Users/gmr/development/SimpleAnnotationServer/src/main/java/uk/org/llgc/annotation/store/Search.java
/Users/gmr/development/SimpleAnnotationServer/src/main/java/uk/org/llgc/annotation/store/Destroy.java
/Users/gmr/development/SimpleAnnotationServer/src/main/java/uk/org/llgc/annotation/store/data/ManifestProcessor.java
/Users/gmr/development/SimpleAnnotationServer/src/main/java/uk/org/llgc/annotation/store/Create.java
/Users/gmr/development/SimpleAnnotationServer/src/main/java/uk/org/llgc/annotation/store/data/PageAnnoCount.java
/Users/gmr/development/SimpleAnnotationServer/src/main/java/uk/org/llgc/annotation/store/stats/ListManifests.java
/Users/gmr/development/SimpleAnnotationServer/src/main/java/uk/org/llgc/annotation/store/adapters/AbstractRDFStore.java
